Reuniao dos Ze 29032019 1000 60 Sala1 Ze
* Ze Carlos Ze Pedro Ze Joao
Reuniao dos Maneis 29032019 1030 30 Sala2 Manuel
* Manuel Carlos Manuel Pedro Manuel Joao
Reuniao dos Joaquins 29032019 1045 30 Sala2 Joaquim
* Joaquim Carlos Joaquim Pedro Joaquim Joao
Reuniao de todos1 29032019 1059 30 Sala3 Ze
* Manuel Manuel Pedro Joaquim Joao
Reuniao de todos2 29032019 1115 30 Sala3 Ze
* Manuel Manuel Pedro Joaquim Joao
s
s
s
x
