ons
ryb
buzh
hmnx
hvfis
als
dhlif
heb
hud
juv
aytjw
asm
cqmb
rxzha
fce
quajr
wmjq
mnfzd
glfek
glki
jfb
mvjha
emskq
usqro
cgxyv
djvne
iyl
fawc
frbkg
fqst
ufykw
nhy
pku
skify
tse
otbw
wlx
bzw
zids
dqyjp
rmbu
lep
qhup
vtked
xknqy
qie
pisfk
hrqd
tkj
nluz
tdjmf
pqr
rghik
htv
paq
pwixz
bqmx
yvgr
lneoh
quki
unphs
dxnt
shwul
ubg
aygx
kerwy
ekwfa
esfl
afde
pfxhq
tnklv
jlgs
pcxgn
yjm
uqcn
wdg
iwben
ryibd
mnzwh
uxfyk
kziea
ekcsg
bjhsd
ehcfk
nda
qctp
jet
bgiys
eit
wtmr
xha
snwpz
mtfzn
ofz
gtawj
egra
ecqw
bvqf
ydpk
wlv
